::1 - - [02/Apr/2026 22:12:14] "GET / HTTP/1.1" 200 -
::1 - - [02/Apr/2026 22:14:29] code 404, message File not found
::1 - - [02/Apr/2026 22:14:29] "GET /favicon.ico HTTP/1.1" 404 -
::1 - - [02/Apr/2026 22:14:31] "GET / HTTP/1.1" 200 -
::1 - - [02/Apr/2026 22:14:33] "GET /assets/css/style.css HTTP/1.1" 200 -
::1 - - [02/Apr/2026 22:14:33] "GET /assets/js/main.js HTTP/1.1" 200 -
::1 - - [02/Apr/2026 22:14:33] "GET /assets/js/language-swim.js HTTP/1.1" 200 -
::1 - - [02/Apr/2026 22:14:35] "GET /assets/images/favicon.svg HTTP/1.1" 200 -
::1 - - [02/Apr/2026 22:14:35] "GET /assets/images/photos/img2.jpg HTTP/1.1" 200 -
::1 - - [02/Apr/2026 22:14:35] "GET /assets/images/photos/img1.jpg HTTP/1.1" 200 -
::1 - - [02/Apr/2026 22:14:37] "GET /assets/images/photos/img3.jpg HTTP/1.1" 200 -
::1 - - [02/Apr/2026 22:14:37] "GET /assets/images/photos/img4.jpg HTTP/1.1" 200 -
::1 - - [02/Apr/2026 22:14:37] "GET /assets/images/photos/img5.jpg HTTP/1.1" 200 -
::1 - - [02/Apr/2026 22:14:39] "GET /assets/images/photos/img6.jpg HTTP/1.1" 200 -
::1 - - [02/Apr/2026 22:14:40] "GET /assets/images/photos/img7.jpg HTTP/1.1" 200 -
::1 - - [02/Apr/2026 22:14:41] "GET /assets/images/photos/img8.svg HTTP/1.1" 200 -
::1 - - [02/Apr/2026 22:19:03] "GET / HTTP/1.1" 200 -
::1 - - [02/Apr/2026 22:19:04] "GET /assets/css/style.css HTTP/1.1" 200 -
::1 - - [02/Apr/2026 22:19:04] "GET /assets/js/language-swim.js HTTP/1.1" 200 -
::1 - - [02/Apr/2026 22:19:04] "GET /assets/js/main.js HTTP/1.1" 200 -
::1 - - [02/Apr/2026 22:19:06] "GET /assets/images/photos/img2.jpg HTTP/1.1" 200 -
::1 - - [02/Apr/2026 22:19:06] "GET /assets/images/photos/img1.jpg HTTP/1.1" 200 -
::1 - - [02/Apr/2026 22:19:08] "GET /assets/images/photos/img3.jpg HTTP/1.1" 200 -
::1 - - [02/Apr/2026 22:19:08] "GET /assets/images/photos/img4.jpg HTTP/1.1" 200 -
